// Jest Snapshot v1, https://goo.gl/fbAQLP

exports[`When displaying the no results component should be displayed correctly 1`] = `
<div
  className="sc-bdfBwQ fPZFRE"
>
  <h3>
    No products found
  </h3>
</div>
`;
